// Jest Snapshot v1, https://goo.gl/fbAQLP

exports[`Test Profile component Does Profile renderer ?  1`] = `
<div
  className="profile"
>
  <div
    className="rocket-profile"
  >
    <h3>
      My Rockets
    </h3>
    <ul />
  </div>
  <div
    className="mission-profile"
  >
    <h3>
      My Missions
    </h3>
    <ul />
  </div>
</div>
`;
