// Jest Snapshot v1, https://goo.gl/fbAQLP

exports[`Test Rocket component  Does Rockets match the snapshot ? 1`] = `
<div
  className="rockets"
/>
`;
